// Jest Snapshot v1, https://goo.gl/fbAQLP

exports[`Data Access v2metadata - it can DELETE data for an entity 1`] = `undefined`;

exports[`Data Access v2metadata - it can DELETE data for an entity 2`] = `
{
  "cache-control": "no-store, no-cache",
  "content-type": "application/json",
  "dataserviceversion": "2.0",
  "sap-tenantid": "tenant-default",
}
`;

exports[`Data Access v2metadata - it can GET data for an entity 1`] = `"{"d":{"__count":4,"results":[{"Product":"Acme_Boomerang","DraftUUID":"","IsActiveEntity":true,"HasActiveEntity":true,"HasDraftEntity":false,"Copy_ac":false,"ProductForEdit":"","ProductCategory":"","ProductPictureURL":"","to_ProductTextInOriginalLang":{"Preparation_ac":false,"Validation_ac":false,"Description_fc":0,"LanguageForEdit_fc":0,"Delete_mc":false,"Product":"","Language":"","LanguageForEdit":"","Name":"","Description":"","DraftUUID":"","DraftEntityCreationDateTime":"/Date()/","DraftEntityLastChangeDateTime":"/Date()/","ParentDraftUUID":"","HasActiveEntity":false,"HasDraftEntity":false,"IsActiveEntity":false,"__metadata":{"id":"undefined/SEPMRA_C_PD_ProductText(Product='',Language='',DraftUUID='',IsActiveEntity='false')","uri":"undefined/SEPMRA_C_PD_ProductText(Product='',Language='',DraftUUID='',IsActiveEntity='false')","type":"SEPMRA_PROD_MAN.SEPMRA_C_PD_ProductTextType"}},"DraftAdministrativeData":{"DraftUUID":"","DraftEntityType":"","CreationDateTime":"/Date()/","CreatedByUser":"","LastChangeDateTime":"/Date()/","LastChangedByUser":"","DraftAccessType":"","ProcessingStartDateTime":"/Date()/","InProcessByUser":"","DraftIsKeptByUser":false,"EnqueueStartDateTime":"/Date()/","DraftIsCreatedByMe":false,"DraftIsLastChangedByMe":false,"DraftIsProcessedByMe":false,"CreatedByUserDescription":"","LastChangedByUserDescription":"","InProcessByUserDescription":"","__metadata":{"id":"undefined/I_DraftAdministrativeData()","uri":"undefined/I_DraftAdministrativeData()","type":"SEPMRA_PROD_MAN.I_DraftAdministrativeDataType"}},"__metadata":{"id":"undefined/SEPMRA_C_PD_Product(Product='Acme_Boomerang',DraftUUID='',IsActiveEntity='true')","uri":"undefined/SEPMRA_C_PD_Product(Product='Acme_Boomerang',DraftUUID='',IsActiveEntity='true')","type":"SEPMRA_PROD_MAN.SEPMRA_C_PD_ProductType"}},{"Product":"Acme_TNT","DraftUUID":"","IsActiveEntity":true,"HasActiveEntity":true,"HasDraftEntity":false,"Copy_ac":false,"ProductForEdit":"","ProductCategory":"","ProductPictureURL":"","to_ProductTextInOriginalLang":{"Preparation_ac":false,"Validation_ac":false,"Description_fc":0,"LanguageForEdit_fc":0,"Delete_mc":false,"Product":"","Language":"","LanguageForEdit":"","Name":"","Description":"","DraftUUID":"","DraftEntityCreationDateTime":"/Date()/","DraftEntityLastChangeDateTime":"/Date()/","ParentDraftUUID":"","HasActiveEntity":false,"HasDraftEntity":false,"IsActiveEntity":false,"__metadata":{"id":"undefined/SEPMRA_C_PD_ProductText(Product='',Language='',DraftUUID='',IsActiveEntity='false')","uri":"undefined/SEPMRA_C_PD_ProductText(Product='',Language='',DraftUUID='',IsActiveEntity='false')","type":"SEPMRA_PROD_MAN.SEPMRA_C_PD_ProductTextType"}},"DraftAdministrativeData":{"DraftUUID":"","DraftEntityType":"","CreationDateTime":"/Date()/","CreatedByUser":"","LastChangeDateTime":"/Date()/","LastChangedByUser":"","DraftAccessType":"","ProcessingStartDateTime":"/Date()/","InProcessByUser":"","DraftIsKeptByUser":false,"EnqueueStartDateTime":"/Date()/","DraftIsCreatedByMe":false,"DraftIsLastChangedByMe":false,"DraftIsProcessedByMe":false,"CreatedByUserDescription":"","LastChangedByUserDescription":"","InProcessByUserDescription":"","__metadata":{"id":"undefined/I_DraftAdministrativeData()","uri":"undefined/I_DraftAdministrativeData()","type":"SEPMRA_PROD_MAN.I_DraftAdministrativeDataType"}},"__metadata":{"id":"undefined/SEPMRA_C_PD_Product(Product='Acme_TNT',DraftUUID='',IsActiveEntity='true')","uri":"undefined/SEPMRA_C_PD_Product(Product='Acme_TNT',DraftUUID='',IsActiveEntity='true')","type":"SEPMRA_PROD_MAN.SEPMRA_C_PD_ProductType"}},{"Product":"Acme_Trap","DraftUUID":"","IsActiveEntity":true,"HasActiveEntity":true,"HasDraftEntity":false,"Copy_ac":false,"ProductForEdit":"","ProductCategory":"","ProductPictureURL":"","to_ProductTextInOriginalLang":{"Preparation_ac":false,"Validation_ac":false,"Description_fc":0,"LanguageForEdit_fc":0,"Delete_mc":false,"Product":"","Language":"","LanguageForEdit":"","Name":"","Description":"","DraftUUID":"","DraftEntityCreationDateTime":"/Date()/","DraftEntityLastChangeDateTime":"/Date()/","ParentDraftUUID":"","HasActiveEntity":false,"HasDraftEntity":false,"IsActiveEntity":false,"__metadata":{"id":"undefined/SEPMRA_C_PD_ProductText(Product='',Language='',DraftUUID='',IsActiveEntity='false')","uri":"undefined/SEPMRA_C_PD_ProductText(Product='',Language='',DraftUUID='',IsActiveEntity='false')","type":"SEPMRA_PROD_MAN.SEPMRA_C_PD_ProductTextType"}},"DraftAdministrativeData":{"DraftUUID":"","DraftEntityType":"","CreationDateTime":"/Date()/","CreatedByUser":"","LastChangeDateTime":"/Date()/","LastChangedByUser":"","DraftAccessType":"","ProcessingStartDateTime":"/Date()/","InProcessByUser":"","DraftIsKeptByUser":false,"EnqueueStartDateTime":"/Date()/","DraftIsCreatedByMe":false,"DraftIsLastChangedByMe":false,"DraftIsProcessedByMe":false,"CreatedByUserDescription":"","LastChangedByUserDescription":"","InProcessByUserDescription":"","__metadata":{"id":"undefined/I_DraftAdministrativeData()","uri":"undefined/I_DraftAdministrativeData()","type":"SEPMRA_PROD_MAN.I_DraftAdministrativeDataType"}},"__metadata":{"id":"undefined/SEPMRA_C_PD_Product(Product='Acme_Trap',DraftUUID='',IsActiveEntity='true')","uri":"undefined/SEPMRA_C_PD_Product(Product='Acme_Trap',DraftUUID='',IsActiveEntity='true')","type":"SEPMRA_PROD_MAN.SEPMRA_C_PD_ProductType"}},{"Product":"Acme_Safe","DraftUUID":"","IsActiveEntity":true,"HasActiveEntity":true,"HasDraftEntity":false,"Copy_ac":false,"ProductForEdit":"","ProductCategory":"","ProductPictureURL":"","to_ProductTextInOriginalLang":{"Preparation_ac":false,"Validation_ac":false,"Description_fc":0,"LanguageForEdit_fc":0,"Delete_mc":false,"Product":"","Language":"","LanguageForEdit":"","Name":"","Description":"","DraftUUID":"","DraftEntityCreationDateTime":"/Date()/","DraftEntityLastChangeDateTime":"/Date()/","ParentDraftUUID":"","HasActiveEntity":false,"HasDraftEntity":false,"IsActiveEntity":false,"__metadata":{"id":"undefined/SEPMRA_C_PD_ProductText(Product='',Language='',DraftUUID='',IsActiveEntity='false')","uri":"undefined/SEPMRA_C_PD_ProductText(Product='',Language='',DraftUUID='',IsActiveEntity='false')","type":"SEPMRA_PROD_MAN.SEPMRA_C_PD_ProductTextType"}},"DraftAdministrativeData":{"DraftUUID":"","DraftEntityType":"","CreationDateTime":"/Date()/","CreatedByUser":"","LastChangeDateTime":"/Date()/","LastChangedByUser":"","DraftAccessType":"","ProcessingStartDateTime":"/Date()/","InProcessByUser":"","DraftIsKeptByUser":false,"EnqueueStartDateTime":"/Date()/","DraftIsCreatedByMe":false,"DraftIsLastChangedByMe":false,"DraftIsProcessedByMe":false,"CreatedByUserDescription":"","LastChangedByUserDescription":"","InProcessByUserDescription":"","__metadata":{"id":"undefined/I_DraftAdministrativeData()","uri":"undefined/I_DraftAdministrativeData()","type":"SEPMRA_PROD_MAN.I_DraftAdministrativeDataType"}},"__metadata":{"id":"undefined/SEPMRA_C_PD_Product(Product='Acme_Safe',DraftUUID='',IsActiveEntity='true')","uri":"undefined/SEPMRA_C_PD_Product(Product='Acme_Safe',DraftUUID='',IsActiveEntity='true')","type":"SEPMRA_PROD_MAN.SEPMRA_C_PD_ProductType"}}]}}"`;

exports[`Data Access v2metadata - it can GET data for an entity 2`] = `
{
  "cache-control": "no-store, no-cache",
  "content-type": "application/json",
  "dataserviceversion": "2.0",
  "sap-tenantid": "tenant-default",
}
`;

exports[`Data Access v2metadata - it can GET data for an entity 3`] = `"{"d":{"Product":"Acme_Boomerang","DraftUUID":"","Price":3,"Name":"Acme Boomerang","Supplier":"Acme DE","StartingSaleDate":"2018-01-01T00:00:00","IsActiveEntity":true,"HasActiveEntity":true,"HasDraftEntity":false,"Activation_ac":false,"Copy_ac":false,"Copy_new_supplier_ac":false,"Create_review_post_ac":false,"Delete_ext_ac":false,"Edit_ac":false,"Favorites_add_ac":false,"Favorites_remove_ac":false,"Favorites_toggle_ac":false,"Mycart_add_ac":false,"Preparation_ac":false,"Shortage_list_ac":false,"Validation_ac":false,"Description_fc":0,"ProductForEdit_fc":0,"ProductForEdit":"","ProductCategory":"","Currency":"","Height":0,"Width":0,"Depth":0,"DimensionUnit":"","ProductPictureURL":"","ProductBaseUnit":"","Weight":0,"WeightUnit":"","OriginalLanguage":"","Description":"","DraftEntityCreationDateTime":"/Date()/","DraftEntityLastChangeDateTime":"/Date()/","__metadata":{"id":"undefined/SEPMRA_C_PD_Product(Product='Acme_Boomerang',DraftUUID='',IsActiveEntity='true')","uri":"undefined/SEPMRA_C_PD_Product(Product='Acme_Boomerang',DraftUUID='',IsActiveEntity='true')","type":"SEPMRA_PROD_MAN.SEPMRA_C_PD_ProductType"}}}"`;

exports[`Data Access v2metadata - it can GET data for an entity 4`] = `
{
  "cache-control": "no-store, no-cache",
  "content-type": "application/json",
  "dataserviceversion": "2.0",
  "sap-tenantid": "tenant-default",
}
`;
