// Jest Snapshot v1, https://goo.gl/fbAQLP

exports[`Filesystem Loader can load js files 1`] = `
[
  {
    "name": "Something",
  },
]
`;

exports[`Filesystem Loader can load json / text files 1`] = `
"[
    {
        "name": "Value"
    },
    {
        "name": "Second one"
    }
]
"
`;
