// Jest Snapshot v1, https://goo.gl/fbAQLP

exports[`Annotation Converter can convert EDMX array-typed annotation 1`] = `
{
  "collection": [
    {
      "propertyValues": [
        {
          "name": "Label",
          "value": {
            "String": "Change Order Type",
            "type": "String",
          },
        },
        {
          "name": "Action",
          "value": {
            "String": "com.c_salesordermanage_sd.CreateWithSalesOrderType",
            "type": "String",
          },
        },
      ],
      "type": "com.sap.vocabularies.UI.v1.DataFieldForAction",
    },
    {
      "propertyValues": [
        {
          "name": "Label",
          "value": {
            "String": "Unbound Action",
            "type": "String",
          },
        },
        {
          "name": "Action",
          "value": {
            "String": "com.c_salesordermanage_sd/UnboundAction",
            "type": "String",
          },
        },
      ],
      "type": "com.sap.vocabularies.UI.v1.DataFieldForAction",
    },
    {
      "propertyValues": [
        {
          "name": "Label",
          "value": {
            "String": "Return In Process",
            "type": "String",
          },
        },
        {
          "name": "Action",
          "value": {
            "String": "com.c_salesordermanage_sd/ReturnInProcess",
            "type": "String",
          },
        },
      ],
      "type": "com.sap.vocabularies.UI.v1.DataFieldForAction",
    },
    {
      "propertyValues": [
        {
          "name": "SemanticObject",
          "value": {
            "String": "SalesOrder",
            "type": "String",
          },
        },
        {
          "name": "Action",
          "value": {
            "String": "manageInline",
            "type": "String",
          },
        },
        {
          "name": "Label",
          "value": {
            "String": "IBN",
            "type": "String",
          },
        },
        {
          "name": "RequiresContext",
          "value": {
            "Bool": false,
            "type": "Bool",
          },
        },
      ],
      "type": "com.sap.vocabularies.UI.v1.DataFieldForIntentBasedNavigation",
    },
    {
      "propertyValues": [
        {
          "name": "SemanticObject",
          "value": {
            "String": "v4Freestyle",
            "type": "String",
          },
        },
        {
          "name": "Action",
          "value": {
            "String": "Inbound",
            "type": "String",
          },
        },
        {
          "name": "Label",
          "value": {
            "String": "IBN with context",
            "type": "String",
          },
        },
        {
          "name": "RequiresContext",
          "value": {
            "Bool": true,
            "type": "Bool",
          },
        },
      ],
      "type": "com.sap.vocabularies.UI.v1.DataFieldForIntentBasedNavigation",
    },
    {
      "propertyValues": [
        {
          "name": "Value",
          "value": {
            "Path": "ID",
            "type": "Path",
          },
        },
      ],
      "type": "com.sap.vocabularies.UI.v1.DataField",
    },
    {
      "propertyValues": [
        {
          "name": "Value",
          "value": {
            "Path": "ImageUrl",
            "type": "Path",
          },
        },
      ],
      "type": "com.sap.vocabularies.UI.v1.DataField",
    },
    {
      "propertyValues": [
        {
          "name": "Target",
          "value": {
            "AnnotationPath": "@UI.FieldGroup#multipleActionFields",
            "type": "AnnotationPath",
          },
        },
        {
          "name": "Label",
          "value": {
            "String": "Sold-To Party",
            "type": "String",
          },
        },
      ],
      "type": "com.sap.vocabularies.UI.v1.DataFieldForAnnotation",
    },
    {
      "annotations": [
        {
          "qualifier": undefined,
          "term": "com.sap.vocabularies.UI.v1.Hidden",
          "value": {
            "Path": "_ShipToParty/isHidden",
            "type": "Path",
          },
        },
      ],
      "propertyValues": [
        {
          "name": "Value",
          "value": {
            "Path": "SalesOrderType",
            "type": "Path",
          },
        },
      ],
      "type": "com.sap.vocabularies.UI.v1.DataField",
    },
    {
      "propertyValues": [
        {
          "name": "Value",
          "value": {
            "Path": "OverallSDProcessStatus",
            "type": "Path",
          },
        },
        {
          "name": "Criticality",
          "value": {
            "Path": "StatusCriticality",
            "type": "Path",
          },
        },
      ],
      "type": "com.sap.vocabularies.UI.v1.DataField",
    },
    {
      "annotations": [
        {
          "qualifier": undefined,
          "term": "com.sap.vocabularies.UI.v1.Hidden",
          "value": {
            "Path": "Delivered",
            "type": "Path",
          },
        },
      ],
      "propertyValues": [
        {
          "name": "Value",
          "value": {
            "Path": "TotalNetAmount",
            "type": "Path",
          },
        },
      ],
      "type": "com.sap.vocabularies.UI.v1.DataField",
    },
  ],
  "qualifier": undefined,
  "term": "com.sap.vocabularies.UI.v1.LineItem",
}
`;

exports[`Annotation Converter can convert EDMX object-typed annotation 1`] = `
{
  "qualifier": undefined,
  "record": {
    "propertyValues": [
      {
        "name": "Description",
        "value": {
          "Record": {
            "propertyValues": [
              {
                "name": "Value",
                "value": {
                  "Path": "SalesOrderTypeName",
                  "type": "Path",
                },
              },
            ],
            "type": "com.sap.vocabularies.UI.v1.DataField",
          },
          "type": "Record",
        },
      },
      {
        "name": "ImageUrl",
        "value": {
          "Path": "ImageUrl",
          "type": "Path",
        },
      },
      {
        "name": "Title",
        "value": {
          "Record": {
            "propertyValues": [
              {
                "name": "Value",
                "value": {
                  "Path": "SalesOrder",
                  "type": "Path",
                },
              },
            ],
            "type": "com.sap.vocabularies.UI.v1.DataField",
          },
          "type": "Record",
        },
      },
      {
        "name": "TypeName",
        "value": {
          "String": "Sales Order",
          "type": "String",
        },
      },
      {
        "name": "TypeNamePlural",
        "value": {
          "String": "Sales Orders",
          "type": "String",
        },
      },
    ],
    "type": "com.sap.vocabularies.UI.v1.HeaderInfoType",
  },
  "term": "com.sap.vocabularies.UI.v1.HeaderInfo",
}
`;
